// Jest Snapshot v1, https://goo.gl/fbAQLP

exports[`App Has a valid snapshot 1`] = `
<div>
  <form>
    <label
      htmlFor="title"
    >
      Book Title:
      <input
        id="title"
        name="title"
        onChange={[Function]}
        type="title"
        value=""
      />
    </label>
    <label
      htmlFor="categories"
    >
      Choose a car:
      <select
        id="categories"
        name="categories"
        onChange={[Function]}
        value="Action"
      >
        <option
          value="Action"
        >
          Action
        </option>
        <option
          value="Biography"
        >
          Biography
        </option>
        <option
          value="History"
        >
          History
        </option>
        <option
          value="Horror"
        >
          Horror
        </option>
        <option
          value="Kids"
        >
          Kids
        </option>
        <option
          value="Learning"
        >
          Learning
        </option>
        <option
          value="Sci-Fi"
        >
          Sci-Fi
        </option>
      </select>
      <button
        onClick={[Function]}
        type="button"
      >
        Add Book
      </button>
    </label>
  </form>
  <table>
    <thead>
      <tr>
        <th>
          ID
        </th>
        <th>
          Title
        </th>
        <th>
          Category
        </th>
      </tr>
    </thead>
    <tbody>
      <tr>
        <td>
          58109aa4-c849-4280-9d8a-8720ac67376a
        </td>
        <td>
          Book 1
        </td>
        <td>
          Action
        </td>
      </tr>
      <tr>
        <td>
          da1340a4-d28d-470a-8b90-b6e81e92f79a
        </td>
        <td>
          Book2
        </td>
        <td>
          Learning
        </td>
      </tr>
      <tr>
        <td>
          a7726433-a81e-4392-8ef2-bf2cb5fd7f1a
        </td>
        <td>
          Book3
        </td>
        <td>
          Horror
        </td>
      </tr>
    </tbody>
  </table>
</div>
`;
