// Jest Snapshot v1, https://goo.gl/fbAQLP

exports[`BookList Has a valid snapshot 1`] = `
<table>
  <thead>
    <tr>
      <th>
        ID
      </th>
      <th>
        Title
      </th>
      <th>
        Category
      </th>
    </tr>
  </thead>
  <tbody>
    <tr>
      <td>
        1
      </td>
      <td>
        Book Title
      </td>
      <td>
        Book Category
      </td>
    </tr>
    <tr>
      <td>
        2
      </td>
      <td>
        Book Title One
      </td>
      <td>
        Book Category One
      </td>
    </tr>
  </tbody>
</table>
`;
